eeschema (2010-00-09 BZR 23xx)-stable  >> Creation date: jeu. 05 mai 2011 15:09:37 ICT

#Cmp ( ordre = Référence )
| C1         100nF       ;             
| C2         100nF       ;             
| C3         100nF       ;             
| C4         100nF       ;             
| C5         10uF        ;             
| C6         100nF       ;             
| C7         100nF       ;             
| C8         10uF        ;             
| C9         10uF        ;             
| C10        10uF        ;             
| C11        100nF       ;             
| C12        10uF        ;             
| CONN1      CONN-HIROSE-132_PTS;             
| CONN2      RJ45_1PORT  ;             
| CONN3      RJ45_1PORT  ;             
| CONN4      RJ45_1PORT  ;             
| CONN5      RJ45_1PORT  ;             
| CONN6      RJ45_1PORT  ;             
| CONN7      RJ45_1PORT  ;             
| CONN8      RJ45_1PORT  ;             
| CONN9      RJ45_1PORT  ;             
| CONN10     RJ45_1PORT  ;             
| CONN11     RJ45_1PORT  ;             
| CONN12     RJ45_1PORT  ;             
| CONN13     RJ45_1PORT  ;             
| D1         DIODE       ;             
| D2         LED         ;             
| D3         LED         ;             
| K1         CONN_3      ;             
| K2         RELAY_1RT   ;             
| K3         RELAY_1RT   ;             
| K4         RELAY_1RT   ;             
| K5         RELAY_1RT   ;             
| K6         RELAY_1RT   ;             
| K7         RELAY_1RT   ;             
| K8         RELAY_1RT   ;             
| K9         RELAY_1RT   ;             
| K10        RELAY_1RT   ;             
| K11        RELAY_1RT   ;             
| K12        RELAY_1RT   ;             
| K13        RELAY_1RT   ;             
| K14        RELAY_1RT   ;             
| K15        RELAY_1RT   ;             
| K16        RELAY_1RT   ;             
| K17        RELAY_1RT   ;             
| L1         10uH        ;             
| L3         10uH        ;             
| M1         MODULE_I2C  ;             
| P1         CONN_1      ;             
| P2         CONN_1      ;             
| P3         CONN_1      ;             
| P4         CONN_1      ;             
| P5         CONN_1      ;             
| P6         CONN_1      ;             
| P7         CONN_1      ;             
| P8         CONN_1      ;             
| P9         CONN_1      ;             
| P10        CONN_1      ;             
| P11        CONN_1      ;             
| P12        CONN_1      ;             
| P13        CONN_1      ;             
| P14        CONN_1      ;             
| P15        CONN_1      ;             
| P16        CONN_1      ;             
| P17        CONN_1      ;             
| P18        CONN_1      ;             
| P19        CONN_1      ;             
| P20        CONN_1      ;             
| P21        CONN_1      ;             
| P22        CONN_1      ;             
| P23        CONN_1      ;             
| P24        CONN_1      ;             
| P25        CONN_1      ;             
| P26        CONN_1      ;             
| P27        CONN_1      ;             
| P28        CONN_1      ;             
| P29        CONN_1      ;             
| P30        CONN_1      ;             
| P31        CONN_1      ;             
| P32        CONN_1      ;             
| P33        CONN_1      ;             
| P34        CONN_1      ;             
| P35        CONN_1      ;             
| Q1         PNP         ;             
| Q2         PNP         ;             
| Q3         PNP         ;             
| Q4         PNP         ;             
| Q5         PNP         ;             
| Q6         PNP         ;             
| Q7         PNP         ;             
| Q8         PNP         ;             
| R1         0R          ;             
| R2         0R          ;             
| R3         0R          ;             
| R4         0R          ;             
| R5         0R          ;             
| R6         0R          ;             
| R7         0R          ;             
| R8         0R          ;             
| R9         0R          ;             
| R10        0R          ;             
| R11        0R          ;             
| R12        0R          ;             
| R13        0R          ;             
| R14        0R          ;             
| R15        0R          ;             
| R16        0R          ;             
| R17        0R          ;             
| R18        0R          ;             
| R19        0R          ;             
| R20        0R          ;             
| R21        0R          ;             
| R22        0R          ;             
| R23        0R          ;             
| R24        0R          ;             
| R25        0R          ;             
| R26        0R          ;             
| R27        220R        ;             
| R28        220R        ;             
| R29        220R        ;             
| R30        220R        ;             
| R31        39K         ;             
| R32        39K         ;             
| R33        39K         ;             
| R34        39K         ;             
| R35        330R        ;             
| R36        330R        ;             
| R37        330R        ;             
| R38        330R        ;             
| R39        220R        ;             
| R40        220R        ;             
| R41        220R        ;             
| R42        220R        ;             
| R43        39K         ;             
| R44        39K         ;             
| R45        39K         ;             
| R46        39K         ;             
| R47        330R        ;             
| R48        330R        ;             
| R49        330R        ;             
| R50        330R        ;             
| R51        0R          ;             
| R52        0R          ;             
| R53        330R        ;             
| R54        470R        ;             
| R55        0R          ;             
| R56        0R          ;             
| R57        0R          ;             
| R58        0R          ;             
| R59        0R          ;             
| R60        0R          ;             
| R61        0R          ;             
| R62        0R          ;             
| R63        0R          ;             
| R64        0R          ;             
| R65        0R          ;             
| R66        0R          ;             
| R67        0R          ;             
| R68        0R          ;             
| R69        0R          ;             
| R70        0R          ;             
| R71        0R          ;             
| U1         DS3680      ;             
| U2         DS3680      ;             
| U3         74HCT138    ;             
| U4         74LVC132    ;             
| U5         74LVC132    ;             
| U6         LM1117      ;             
| U7         LM1117      ;             
| U8         TC1262-3.3V ;             
| U9         DS3680      ;             
| U10        DS3680      ;             
#End Cmp

#Cmp ( ordre = Valeur )
| 0R           R1        ;             
| 0R           R2        ;             
| 0R           R3        ;             
| 0R           R4        ;             
| 0R           R5        ;             
| 0R           R6        ;             
| 0R           R7        ;             
| 0R           R8        ;             
| 0R           R9        ;             
| 0R           R10       ;             
| 0R           R11       ;             
| 0R           R12       ;             
| 0R           R13       ;             
| 0R           R14       ;             
| 0R           R15       ;             
| 0R           R16       ;             
| 0R           R17       ;             
| 0R           R18       ;             
| 0R           R19       ;             
| 0R           R20       ;             
| 0R           R21       ;             
| 0R           R22       ;             
| 0R           R23       ;             
| 0R           R24       ;             
| 0R           R25       ;             
| 0R           R26       ;             
| 0R           R51       ;             
| 0R           R52       ;             
| 0R           R55       ;             
| 0R           R56       ;             
| 0R           R57       ;             
| 0R           R58       ;             
| 0R           R59       ;             
| 0R           R60       ;             
| 0R           R61       ;             
| 0R           R62       ;             
| 0R           R63       ;             
| 0R           R64       ;             
| 0R           R65       ;             
| 0R           R66       ;             
| 0R           R67       ;             
| 0R           R68       ;             
| 0R           R69       ;             
| 0R           R70       ;             
| 0R           R71       ;             
| 100nF        C1        ;             
| 100nF        C2        ;             
| 100nF        C3        ;             
| 100nF        C4        ;             
| 100nF        C6        ;             
| 100nF        C7        ;             
| 100nF        C11       ;             
| 10uF         C5        ;             
| 10uF         C8        ;             
| 10uF         C9        ;             
| 10uF         C10       ;             
| 10uF         C12       ;             
| 10uH         L1        ;             
| 10uH         L3        ;             
| 220R         R27       ;             
| 220R         R28       ;             
| 220R         R29       ;             
| 220R         R30       ;             
| 220R         R39       ;             
| 220R         R40       ;             
| 220R         R41       ;             
| 220R         R42       ;             
| 330R         R35       ;             
| 330R         R36       ;             
| 330R         R37       ;             
| 330R         R38       ;             
| 330R         R47       ;             
| 330R         R48       ;             
| 330R         R49       ;             
| 330R         R50       ;             
| 330R         R53       ;             
| 39K          R31       ;             
| 39K          R32       ;             
| 39K          R33       ;             
| 39K          R34       ;             
| 39K          R43       ;             
| 39K          R44       ;             
| 39K          R45       ;             
| 39K          R46       ;             
| 470R         R54       ;             
| 74HCT138     U3        ;             
| 74LVC132     U4        ;             
| 74LVC132     U5        ;             
| CONN-HIROSE-132_PTS CONN1     ;             
| CONN_1       P1        ;             
| CONN_1       P2        ;             
| CONN_1       P3        ;             
| CONN_1       P4        ;             
| CONN_1       P5        ;             
| CONN_1       P6        ;             
| CONN_1       P7        ;             
| CONN_1       P8        ;             
| CONN_1       P9        ;             
| CONN_1       P10       ;             
| CONN_1       P11       ;             
| CONN_1       P12       ;             
| CONN_1       P13       ;             
| CONN_1       P14       ;             
| CONN_1       P15       ;             
| CONN_1       P16       ;             
| CONN_1       P17       ;             
| CONN_1       P18       ;             
| CONN_1       P19       ;             
| CONN_1       P20       ;             
| CONN_1       P21       ;             
| CONN_1       P22       ;             
| CONN_1       P23       ;             
| CONN_1       P24       ;             
| CONN_1       P25       ;             
| CONN_1       P26       ;             
| CONN_1       P27       ;             
| CONN_1       P28       ;             
| CONN_1       P29       ;             
| CONN_1       P30       ;             
| CONN_1       P31       ;             
| CONN_1       P32       ;             
| CONN_1       P33       ;             
| CONN_1       P34       ;             
| CONN_1       P35       ;             
| CONN_3       K1        ;             
| DIODE        D1        ;             
| DS3680       U1        ;             
| DS3680       U2        ;             
| DS3680       U9        ;             
| DS3680       U10       ;             
| LED          D2        ;             
| LED          D3        ;             
| LM1117       U6        ;             
| LM1117       U7        ;             
| MODULE_I2C   M1        ;             
| PNP          Q1        ;             
| PNP          Q2        ;             
| PNP          Q3        ;             
| PNP          Q4        ;             
| PNP          Q5        ;             
| PNP          Q6        ;             
| PNP          Q7        ;             
| PNP          Q8        ;             
| RELAY_1RT    K2        ;             
| RELAY_1RT    K3        ;             
| RELAY_1RT    K4        ;             
| RELAY_1RT    K5        ;             
| RELAY_1RT    K6        ;             
| RELAY_1RT    K7        ;             
| RELAY_1RT    K8        ;             
| RELAY_1RT    K9        ;             
| RELAY_1RT    K10       ;             
| RELAY_1RT    K11       ;             
| RELAY_1RT    K12       ;             
| RELAY_1RT    K13       ;             
| RELAY_1RT    K14       ;             
| RELAY_1RT    K15       ;             
| RELAY_1RT    K16       ;             
| RELAY_1RT    K17       ;             
| RJ45_1PORT   CONN2     ;             
| RJ45_1PORT   CONN3     ;             
| RJ45_1PORT   CONN4     ;             
| RJ45_1PORT   CONN5     ;             
| RJ45_1PORT   CONN6     ;             
| RJ45_1PORT   CONN7     ;             
| RJ45_1PORT   CONN8     ;             
| RJ45_1PORT   CONN9     ;             
| RJ45_1PORT   CONN10    ;             
| RJ45_1PORT   CONN11    ;             
| RJ45_1PORT   CONN12    ;             
| RJ45_1PORT   CONN13    ;             
| TC1262-3.3V  U8        ;             
#End Cmp

#End List
