eeschema (2010-00-09 BZR 23xx)-stable  >> Creation date: jeu. 05 mai 2011 18:44:00 ICT

#Cmp ( ordre = Référence )
| C1         100nF       ;             
| C2         100nF       ;             
| C3         100nF       ;             
| C4         10uF        ;             
| C5         100nF       ;             
| C6         100nF       ;             
| CONN1      CONN-HIROSE-132_PTS;             
| D1         LED         ;             
| D2         LED         ;             
| K1         CONN_3      ;             
| K2         CONN_3      ;             
| K3         RELAY_1RT   ;             
| K4         RELAY_1RT   ;             
| L1         10uH        ;             
| L2         10uH        ;             
| M1         MODULE_CAPTEUR;             
| P1         CONN_2      ;             
| P2         CONN_1      ;             
| P3         CONN_1      ;             
| P4         CONN_1      ;             
| P5         CONN_2      ;             
| P6         CONN_1      ;             
| P7         CONN_1      ;             
| P8         CONN_1      ;             
| P9         CONN_1      ;             
| P10        CONN_1      ;             
| P11        CONN_1      ;             
| P12        CONN_1      ;             
| P13        CONN_1      ;             
| P14        CONN_1      ;             
| P15        CONN_1      ;             
| P16        CONN_1      ;             
| P17        CONN_1      ;             
| P18        CONN_1      ;             
| P19        CONN_1      ;             
| P20        CONN_1      ;             
| P21        CONN_1      ;             
| P22        CONN_1      ;             
| P23        CONN_1      ;             
| P24        CONN_1      ;             
| P25        CONN_1      ;             
| P26        CONN_1      ;             
| P27        CONN_1      ;             
| P28        CONN_1      ;             
| P29        CONN_1      ;             
| P30        CONN_1      ;             
| P31        CONN_1      ;             
| P32        CONN_1      ;             
| P33        CONN_1      ;             
| P34        CONN_1      ;             
| Q1         PNP         ;             
| Q2         PNP         ;             
| R1         0R          ;             
| R2         0R          ;             
| R3         0R          ;             
| R4         0R          ;             
| R5         0R          ;             
| R6         0R          ;             
| R7         0R          ;             
| R8         0R          ;             
| R9         0R          ;             
| R10        0R          ;             
| R11        0R          ;             
| R12        0R          ;             
| R13        0R          ;             
| R14        0R          ;             
| R15        0R          ;             
| R16        0R          ;             
| R17        0R          ;             
| R18        0R          ;             
| R19        0R          ;             
| R20        0R          ;             
| R21        0R          ;             
| R22        330R        ;             
| R23        470R        ;             
| R24        39K         ;             
| R25        220R        ;             
| R26        330R        ;             
| R27        39K         ;             
| R28        220R        ;             
| R29        330R        ;             
| R30        2,2K        ;             
| R31        511K        ;             
| R32        1K          ;             
| U1         74HCT138    ;             
| U2         74LVC132    ;             
| U3         74LVC132    ;             
| U4         24LC512     ;             
| U5         PCF8574A_20P;             
| U6         DS3680      ;             
#End Cmp

#Cmp ( ordre = Valeur )
| 0R           R1        ;             
| 0R           R2        ;             
| 0R           R3        ;             
| 0R           R4        ;             
| 0R           R5        ;             
| 0R           R6        ;             
| 0R           R7        ;             
| 0R           R8        ;             
| 0R           R9        ;             
| 0R           R10       ;             
| 0R           R11       ;             
| 0R           R12       ;             
| 0R           R13       ;             
| 0R           R14       ;             
| 0R           R15       ;             
| 0R           R16       ;             
| 0R           R17       ;             
| 0R           R18       ;             
| 0R           R19       ;             
| 0R           R20       ;             
| 0R           R21       ;             
| 100nF        C1        ;             
| 100nF        C2        ;             
| 100nF        C3        ;             
| 100nF        C5        ;             
| 100nF        C6        ;             
| 10uF         C4        ;             
| 10uH         L1        ;             
| 10uH         L2        ;             
| 1K           R32       ;             
| 2,2K         R30       ;             
| 220R         R25       ;             
| 220R         R28       ;             
| 24LC512      U4        ;             
| 330R         R22       ;             
| 330R         R26       ;             
| 330R         R29       ;             
| 39K          R24       ;             
| 39K          R27       ;             
| 470R         R23       ;             
| 511K         R31       ;             
| 74HCT138     U1        ;             
| 74LVC132     U2        ;             
| 74LVC132     U3        ;             
| CONN-HIROSE-132_PTS CONN1     ;             
| CONN_1       P2        ;             
| CONN_1       P3        ;             
| CONN_1       P4        ;             
| CONN_1       P6        ;             
| CONN_1       P7        ;             
| CONN_1       P8        ;             
| CONN_1       P9        ;             
| CONN_1       P10       ;             
| CONN_1       P11       ;             
| CONN_1       P12       ;             
| CONN_1       P13       ;             
| CONN_1       P14       ;             
| CONN_1       P15       ;             
| CONN_1       P16       ;             
| CONN_1       P17       ;             
| CONN_1       P18       ;             
| CONN_1       P19       ;             
| CONN_1       P20       ;             
| CONN_1       P21       ;             
| CONN_1       P22       ;             
| CONN_1       P23       ;             
| CONN_1       P24       ;             
| CONN_1       P25       ;             
| CONN_1       P26       ;             
| CONN_1       P27       ;             
| CONN_1       P28       ;             
| CONN_1       P29       ;             
| CONN_1       P30       ;             
| CONN_1       P31       ;             
| CONN_1       P32       ;             
| CONN_1       P33       ;             
| CONN_1       P34       ;             
| CONN_2       P1        ;             
| CONN_2       P5        ;             
| CONN_3       K1        ;             
| CONN_3       K2        ;             
| DS3680       U6        ;             
| LED          D1        ;             
| LED          D2        ;             
| MODULE_CAPTEUR M1        ;             
| PCF8574A_20P U5        ;             
| PNP          Q1        ;             
| PNP          Q2        ;             
| RELAY_1RT    K3        ;             
| RELAY_1RT    K4        ;             
#End Cmp

#End List
