eeschema (2010-00-09 BZR 23xx)-stable  >> Creation date: jeu. 05 mai 2011 15:06:57 ICT

#Cmp ( ordre = Référence )
| C1         100nF       ;             
| C2         10uF        ;             
| C3         100nF       ;             
| C4         10uf        ;             
| C5         100nF       ;             
| C6         100nF       ;             
| C7         10uF        ;             
| C8         100nF       ;             
| C9         100nF       ;             
| C10        100nF       ;             
| C11        100nF       ;             
| C12        10uF        ;             
| C13        100nF       ;             
| C14        10uf        ;             
| CONN1      RJ45_1PORT  ;             
| D1         .           ;             
| D2         LED         ;             
| D3         LED         ;             
| K1         RELAY_1RT   ;             
| K2         RELAY_1RT   ;             
| K3         RELAY_1RT   ;             
| K4         RELAY_1RT   ;             
| K5         CONN_3      ;             
| L1         10uH        ;             
| L3         10uH        ;             
| L4         10uH        ;             
| M1         MODULE_I2C  ;             
| M2         MODULE_CAPTEUR;             
| P1         CONN_3      ;             
| P2         CONN_3      ;             
| P3         CONN_3      ;             
| P4         CONN_3      ;             
| P5         CONN_2      ;             
| P6         CONN_2      ;             
| P7         CONN_2      ;             
| P8         CONN_2      ;             
| P9         CONN_1      ;             
| P10        CONN_1      ;             
| P11        CONN_1      ;             
| P12        CONN_1      ;             
| P13        CONN_1      ;             
| P14        CONN_1      ;             
| P15        CONN_1      ;             
| P16        CONN_1      ;             
| P17        CONN_1      ;             
| P18        CONN_1      ;             
| P19        CONN_1      ;             
| P20        CONN_1      ;             
| P21        CONN_1      ;             
| P22        CONN_1      ;             
| P23        CONN_1      ;             
| Q1         PNP         ;             
| Q2         PNP         ;             
| Q3         PNP         ;             
| Q4         PNP         ;             
| R1         0R          ;             
| R2         0R          ;             
| R3         0R          ;             
| R4         330R        ;             
| R5         470R        ;             
| R6         220R        ;             
| R7         220R        ;             
| R8         39K         ;             
| R9         39K         ;             
| R10        330R        ;             
| R11        330R        ;             
| R13        220R        ;             
| R14        220R        ;             
| R15        39K         ;             
| R16        39K         ;             
| R17        330R        ;             
| R18        330R        ;             
| R19        0R          ;             
| R20        1K          ;             
| R21        0R          ;             
| R24        0R          ;             
| R25        2,2K        ;             
| R26        0R          ;             
| R27        511K        ;             
| U1         LM1117      ;             
| U2         TC1262-3.3V ;             
| U3         74LVC132    ;             
| U4         74LVC132    ;             
| U5         24LC512     ;             
| U6         PCF8574A_20P;             
| U7         DS3680      ;             
| U8         LM1117      ;             
#End Cmp

#Cmp ( ordre = Valeur )
| .            D1        ;             
| 0R           R1        ;             
| 0R           R2        ;             
| 0R           R3        ;             
| 0R           R19       ;             
| 0R           R21       ;             
| 0R           R24       ;             
| 0R           R26       ;             
| 100nF        C1        ;             
| 100nF        C3        ;             
| 100nF        C5        ;             
| 100nF        C6        ;             
| 100nF        C8        ;             
| 100nF        C9        ;             
| 100nF        C10       ;             
| 100nF        C11       ;             
| 100nF        C13       ;             
| 10uF         C2        ;             
| 10uf         C4        ;             
| 10uF         C7        ;             
| 10uF         C12       ;             
| 10uf         C14       ;             
| 10uH         L1        ;             
| 10uH         L3        ;             
| 10uH         L4        ;             
| 1K           R20       ;             
| 2,2K         R25       ;             
| 220R         R6        ;             
| 220R         R7        ;             
| 220R         R13       ;             
| 220R         R14       ;             
| 24LC512      U5        ;             
| 330R         R4        ;             
| 330R         R10       ;             
| 330R         R11       ;             
| 330R         R17       ;             
| 330R         R18       ;             
| 39K          R8        ;             
| 39K          R9        ;             
| 39K          R15       ;             
| 39K          R16       ;             
| 470R         R5        ;             
| 511K         R27       ;             
| 74LVC132     U3        ;             
| 74LVC132     U4        ;             
| CONN_1       P9        ;             
| CONN_1       P10       ;             
| CONN_1       P11       ;             
| CONN_1       P12       ;             
| CONN_1       P13       ;             
| CONN_1       P14       ;             
| CONN_1       P15       ;             
| CONN_1       P16       ;             
| CONN_1       P17       ;             
| CONN_1       P18       ;             
| CONN_1       P19       ;             
| CONN_1       P20       ;             
| CONN_1       P21       ;             
| CONN_1       P22       ;             
| CONN_1       P23       ;             
| CONN_2       P5        ;             
| CONN_2       P6        ;             
| CONN_2       P7        ;             
| CONN_2       P8        ;             
| CONN_3       K5        ;             
| CONN_3       P1        ;             
| CONN_3       P2        ;             
| CONN_3       P3        ;             
| CONN_3       P4        ;             
| DS3680       U7        ;             
| LED          D2        ;             
| LED          D3        ;             
| LM1117       U1        ;             
| LM1117       U8        ;             
| MODULE_CAPTEUR M2        ;             
| MODULE_I2C   M1        ;             
| PCF8574A_20P U6        ;             
| PNP          Q1        ;             
| PNP          Q2        ;             
| PNP          Q3        ;             
| PNP          Q4        ;             
| RELAY_1RT    K1        ;             
| RELAY_1RT    K2        ;             
| RELAY_1RT    K3        ;             
| RELAY_1RT    K4        ;             
| RJ45_1PORT   CONN1     ;             
| TC1262-3.3V  U2        ;             
#End Cmp

#End List
